Archive member included to satisfy reference by file (symbol)

/opt/arduino-1.6.12/hardware/tools/avr/bin/../lib/gcc/avr/4.9.2/avr5/libgcc.a(_exit.o)
                              /opt/arduino-1.6.12/hardware/tools/avr/bin/../lib/gcc/avr/4.9.2/../../../../avr/lib/avr5/crtatmega328p.o (exit)
/opt/arduino-1.6.12/hardware/tools/avr/bin/../lib/gcc/avr/4.9.2/avr5/libgcc.a(_copy_data.o)
                              ./src/cannon.o (__do_copy_data)
/opt/arduino-1.6.12/hardware/tools/avr/bin/../lib/gcc/avr/4.9.2/avr5/libgcc.a(_clear_bss.o)
                              ./src/Motors.o (__do_clear_bss)

Allocating common symbols
Common symbol       size              file

horizServoPos       0x2               ./src/Motors.o
vertServoPos        0x2               ./src/Motors.o

Memory Configuration

Name             Origin             Length             Attributes
text             0x0000000000000000 0x0000000000020000 xr
data             0x0000000000800060 0x000000000000ffa0 rw !x
eeprom           0x0000000000810000 0x0000000000010000 rw !x
fuse             0x0000000000820000 0x0000000000000400 rw !x
lock             0x0000000000830000 0x0000000000000400 rw !x
signature        0x0000000000840000 0x0000000000000400 rw !x
*default*        0x0000000000000000 0xffffffffffffffff

Linker script and memory map

Address of section .data set to 0x800100
LOAD /opt/arduino-1.6.12/hardware/tools/avr/bin/../lib/gcc/avr/4.9.2/../../../../avr/lib/avr5/crtatmega328p.o
LOAD ./src/Motors.o
LOAD ./src/USART.o
LOAD ./src/cannon.o
LOAD ./src/main.o
START GROUP
LOAD /opt/arduino-1.6.12/hardware/tools/avr/bin/../lib/gcc/avr/4.9.2/avr5/libgcc.a
LOAD /opt/arduino-1.6.12/hardware/tools/avr/bin/../lib/gcc/avr/4.9.2/../../../../avr/lib/avr5/libm.a
LOAD /opt/arduino-1.6.12/hardware/tools/avr/bin/../lib/gcc/avr/4.9.2/../../../../avr/lib/avr5/libc.a
LOAD /opt/arduino-1.6.12/hardware/tools/avr/bin/../lib/gcc/avr/4.9.2/../../../../avr/lib/avr5/libatmega328p.a
END GROUP

.hash
 *(.hash)

.dynsym
 *(.dynsym)

.dynstr
 *(.dynstr)

.gnu.version
 *(.gnu.version)

.gnu.version_d
 *(.gnu.version_d)

.gnu.version_r
 *(.gnu.version_r)

.rel.init
 *(.rel.init)

.rela.init
 *(.rela.init)

.rel.text
 *(.rel.text)
 *(.rel.text.*)
 *(.rel.gnu.linkonce.t*)

.rela.text
 *(.rela.text)
 *(.rela.text.*)
 *(.rela.gnu.linkonce.t*)

.rel.fini
 *(.rel.fini)

.rela.fini
 *(.rela.fini)

.rel.rodata
 *(.rel.rodata)
 *(.rel.rodata.*)
 *(.rel.gnu.linkonce.r*)

.rela.rodata
 *(.rela.rodata)
 *(.rela.rodata.*)
 *(.rela.gnu.linkonce.r*)

.rel.data
 *(.rel.data)
 *(.rel.data.*)
 *(.rel.gnu.linkonce.d*)

.rela.data
 *(.rela.data)
 *(.rela.data.*)
 *(.rela.gnu.linkonce.d*)

.rel.ctors
 *(.rel.ctors)

.rela.ctors
 *(.rela.ctors)

.rel.dtors
 *(.rel.dtors)

.rela.dtors
 *(.rela.dtors)

.rel.got
 *(.rel.got)

.rela.got
 *(.rela.got)

.rel.bss
 *(.rel.bss)

.rela.bss
 *(.rela.bss)

.rel.plt
 *(.rel.plt)

.rela.plt
 *(.rela.plt)

.text           0x0000000000000000      0x614
 *(.vectors)
 .vectors       0x0000000000000000       0x68 /opt/arduino-1.6.12/hardware/tools/avr/bin/../lib/gcc/avr/4.9.2/../../../../avr/lib/avr5/crtatmega328p.o
                0x0000000000000000                __vectors
                0x0000000000000000                __vector_default
 *(.vectors)
 *(.progmem.gcc*)
                0x0000000000000068                . = ALIGN (0x2)
                0x0000000000000068                __trampolines_start = .
 *(.trampolines)
 .trampolines   0x0000000000000068        0x0 linker stubs
 *(.trampolines*)
                0x0000000000000068                __trampolines_end = .
 *(.progmem*)
                0x0000000000000068                . = ALIGN (0x2)
 *(.jumptables)
 *(.jumptables*)
 *(.lowtext)
 *(.lowtext*)
                0x0000000000000068                __ctors_start = .
 *(.ctors)
                0x0000000000000068                __ctors_end = .
                0x0000000000000068                __dtors_start = .
 *(.dtors)
                0x0000000000000068                __dtors_end = .
 SORT(*)(.ctors)
 SORT(*)(.dtors)
 *(.init0)
 .init0         0x0000000000000068        0x0 /opt/arduino-1.6.12/hardware/tools/avr/bin/../lib/gcc/avr/4.9.2/../../../../avr/lib/avr5/crtatmega328p.o
                0x0000000000000068                __init
 *(.init0)
 *(.init1)
 *(.init1)
 *(.init2)
 .init2         0x0000000000000068        0xc /opt/arduino-1.6.12/hardware/tools/avr/bin/../lib/gcc/avr/4.9.2/../../../../avr/lib/avr5/crtatmega328p.o
 *(.init2)
 *(.init3)
 *(.init3)
 *(.init4)
 .init4         0x0000000000000074       0x16 /opt/arduino-1.6.12/hardware/tools/avr/bin/../lib/gcc/avr/4.9.2/avr5/libgcc.a(_copy_data.o)
                0x0000000000000074                __do_copy_data
 .init4         0x000000000000008a       0x10 /opt/arduino-1.6.12/hardware/tools/avr/bin/../lib/gcc/avr/4.9.2/avr5/libgcc.a(_clear_bss.o)
                0x000000000000008a                __do_clear_bss
 *(.init4)
 *(.init5)
 *(.init5)
 *(.init6)
 *(.init6)
 *(.init7)
 *(.init7)
 *(.init8)
 *(.init8)
 *(.init9)
 .init9         0x000000000000009a        0x8 /opt/arduino-1.6.12/hardware/tools/avr/bin/../lib/gcc/avr/4.9.2/../../../../avr/lib/avr5/crtatmega328p.o
 *(.init9)
 *(.text)
 .text          0x00000000000000a2        0x4 /opt/arduino-1.6.12/hardware/tools/avr/bin/../lib/gcc/avr/4.9.2/../../../../avr/lib/avr5/crtatmega328p.o
                0x00000000000000a2                __vector_22
                0x00000000000000a2                __vector_24
                0x00000000000000a2                __vector_12
                0x00000000000000a2                __bad_interrupt
                0x00000000000000a2                __vector_23
                0x00000000000000a2                __vector_25
                0x00000000000000a2                __vector_11
                0x00000000000000a2                __vector_13
                0x00000000000000a2                __vector_17
                0x00000000000000a2                __vector_19
                0x00000000000000a2                __vector_7
                0x00000000000000a2                __vector_5
                0x00000000000000a2                __vector_4
                0x00000000000000a2                __vector_9
                0x00000000000000a2                __vector_21
                0x00000000000000a2                __vector_15
                0x00000000000000a2                __vector_8
                0x00000000000000a2                __vector_14
                0x00000000000000a2                __vector_10
                0x00000000000000a2                __vector_16
                0x00000000000000a2                __vector_20
 .text          0x00000000000000a6        0x0 ./src/Motors.o
 .text          0x00000000000000a6        0x0 ./src/USART.o
 .text          0x00000000000000a6        0x0 ./src/cannon.o
 .text          0x00000000000000a6        0x0 ./src/main.o
 .text          0x00000000000000a6        0x0 /opt/arduino-1.6.12/hardware/tools/avr/bin/../lib/gcc/avr/4.9.2/avr5/libgcc.a(_exit.o)
 .text          0x00000000000000a6        0x0 /opt/arduino-1.6.12/hardware/tools/avr/bin/../lib/gcc/avr/4.9.2/avr5/libgcc.a(_copy_data.o)
 .text          0x00000000000000a6        0x0 /opt/arduino-1.6.12/hardware/tools/avr/bin/../lib/gcc/avr/4.9.2/avr5/libgcc.a(_clear_bss.o)
                0x00000000000000a6                . = ALIGN (0x2)
 *(.text.*)
 .text.initMotors
                0x00000000000000a6       0x92 ./src/Motors.o
                0x00000000000000a6                initMotors
 .text.refreshLeftMotor
                0x0000000000000138       0x26 ./src/Motors.o
                0x0000000000000138                refreshLeftMotor
 .text.refreshRightMotor
                0x000000000000015e       0x26 ./src/Motors.o
                0x000000000000015e                refreshRightMotor
 .text.refreshHorizontalMotor
                0x0000000000000184       0x78 ./src/Motors.o
                0x0000000000000184                refreshHorizontalMotor
 .text.refreshVerticalMotor
                0x00000000000001fc       0x78 ./src/Motors.o
                0x00000000000001fc                refreshVerticalMotor
 .text.initUSART
                0x0000000000000274       0x22 ./src/USART.o
                0x0000000000000274                initUSART
 .text.transmitByte
                0x0000000000000296        0xe ./src/USART.o
                0x0000000000000296                transmitByte
 .text.receiveByte
                0x00000000000002a4        0xe ./src/USART.o
                0x00000000000002a4                receiveByte
 .text.printString
                0x00000000000002b2       0x26 ./src/USART.o
                0x00000000000002b2                printString
 .text.readString
                0x00000000000002d8       0x5c ./src/USART.o
                0x00000000000002d8                readString
 .text.initCannon
                0x0000000000000334       0x2a ./src/cannon.o
                0x0000000000000334                initCannon
 .text.__vector_1
                0x000000000000035e       0x58 ./src/cannon.o
                0x000000000000035e                __vector_1
 .text.__vector_2
                0x00000000000003b6       0x68 ./src/cannon.o
                0x00000000000003b6                __vector_2
 .text.__vector_3
                0x000000000000041e       0x64 ./src/cannon.o
                0x000000000000041e                __vector_3
 .text.__vector_18
                0x0000000000000482       0xd2 ./src/main.o
                0x0000000000000482                __vector_18
 .text.__vector_6
                0x0000000000000554       0x48 ./src/main.o
                0x0000000000000554                __vector_6
 .text.initWatchdog
                0x000000000000059c       0x12 ./src/main.o
                0x000000000000059c                initWatchdog
 .text.startup.main
                0x00000000000005ae       0x62 ./src/main.o
                0x00000000000005ae                main
 .text.libgcc.mul
                0x0000000000000610        0x0 /opt/arduino-1.6.12/hardware/tools/avr/bin/../lib/gcc/avr/4.9.2/avr5/libgcc.a(_exit.o)
 .text.libgcc.div
                0x0000000000000610        0x0 /opt/arduino-1.6.12/hardware/tools/avr/bin/../lib/gcc/avr/4.9.2/avr5/libgcc.a(_exit.o)
 .text.libgcc   0x0000000000000610        0x0 /opt/arduino-1.6.12/hardware/tools/avr/bin/../lib/gcc/avr/4.9.2/avr5/libgcc.a(_exit.o)
 .text.libgcc.prologue
                0x0000000000000610        0x0 /opt/arduino-1.6.12/hardware/tools/avr/bin/../lib/gcc/avr/4.9.2/avr5/libgcc.a(_exit.o)
 .text.libgcc.builtins
                0x0000000000000610        0x0 /opt/arduino-1.6.12/hardware/tools/avr/bin/../lib/gcc/avr/4.9.2/avr5/libgcc.a(_exit.o)
 .text.libgcc.fmul
                0x0000000000000610        0x0 /opt/arduino-1.6.12/hardware/tools/avr/bin/../lib/gcc/avr/4.9.2/avr5/libgcc.a(_exit.o)
 .text.libgcc.fixed
                0x0000000000000610        0x0 /opt/arduino-1.6.12/hardware/tools/avr/bin/../lib/gcc/avr/4.9.2/avr5/libgcc.a(_exit.o)
 .text.libgcc.mul
                0x0000000000000610        0x0 /opt/arduino-1.6.12/hardware/tools/avr/bin/../lib/gcc/avr/4.9.2/avr5/libgcc.a(_copy_data.o)
 .text.libgcc.div
                0x0000000000000610        0x0 /opt/arduino-1.6.12/hardware/tools/avr/bin/../lib/gcc/avr/4.9.2/avr5/libgcc.a(_copy_data.o)
 .text.libgcc   0x0000000000000610        0x0 /opt/arduino-1.6.12/hardware/tools/avr/bin/../lib/gcc/avr/4.9.2/avr5/libgcc.a(_copy_data.o)
 .text.libgcc.prologue
                0x0000000000000610        0x0 /opt/arduino-1.6.12/hardware/tools/avr/bin/../lib/gcc/avr/4.9.2/avr5/libgcc.a(_copy_data.o)
 .text.libgcc.builtins
                0x0000000000000610        0x0 /opt/arduino-1.6.12/hardware/tools/avr/bin/../lib/gcc/avr/4.9.2/avr5/libgcc.a(_copy_data.o)
 .text.libgcc.fmul
                0x0000000000000610        0x0 /opt/arduino-1.6.12/hardware/tools/avr/bin/../lib/gcc/avr/4.9.2/avr5/libgcc.a(_copy_data.o)
 .text.libgcc.fixed
                0x0000000000000610        0x0 /opt/arduino-1.6.12/hardware/tools/avr/bin/../lib/gcc/avr/4.9.2/avr5/libgcc.a(_copy_data.o)
 .text.libgcc.mul
                0x0000000000000610        0x0 /opt/arduino-1.6.12/hardware/tools/avr/bin/../lib/gcc/avr/4.9.2/avr5/libgcc.a(_clear_bss.o)
 .text.libgcc.div
                0x0000000000000610        0x0 /opt/arduino-1.6.12/hardware/tools/avr/bin/../lib/gcc/avr/4.9.2/avr5/libgcc.a(_clear_bss.o)
 .text.libgcc   0x0000000000000610        0x0 /opt/arduino-1.6.12/hardware/tools/avr/bin/../lib/gcc/avr/4.9.2/avr5/libgcc.a(_clear_bss.o)
 .text.libgcc.prologue
                0x0000000000000610        0x0 /opt/arduino-1.6.12/hardware/tools/avr/bin/../lib/gcc/avr/4.9.2/avr5/libgcc.a(_clear_bss.o)
 .text.libgcc.builtins
                0x0000000000000610        0x0 /opt/arduino-1.6.12/hardware/tools/avr/bin/../lib/gcc/avr/4.9.2/avr5/libgcc.a(_clear_bss.o)
 .text.libgcc.fmul
                0x0000000000000610        0x0 /opt/arduino-1.6.12/hardware/tools/avr/bin/../lib/gcc/avr/4.9.2/avr5/libgcc.a(_clear_bss.o)
 .text.libgcc.fixed
                0x0000000000000610        0x0 /opt/arduino-1.6.12/hardware/tools/avr/bin/../lib/gcc/avr/4.9.2/avr5/libgcc.a(_clear_bss.o)
                0x0000000000000610                . = ALIGN (0x2)
 *(.fini9)
 .fini9         0x0000000000000610        0x0 /opt/arduino-1.6.12/hardware/tools/avr/bin/../lib/gcc/avr/4.9.2/avr5/libgcc.a(_exit.o)
                0x0000000000000610                exit
                0x0000000000000610                _exit
 *(.fini9)
 *(.fini8)
 *(.fini8)
 *(.fini7)
 *(.fini7)
 *(.fini6)
 *(.fini6)
 *(.fini5)
 *(.fini5)
 *(.fini4)
 *(.fini4)
 *(.fini3)
 *(.fini3)
 *(.fini2)
 *(.fini2)
 *(.fini1)
 *(.fini1)
 *(.fini0)
 .fini0         0x0000000000000610        0x4 /opt/arduino-1.6.12/hardware/tools/avr/bin/../lib/gcc/avr/4.9.2/avr5/libgcc.a(_exit.o)
 *(.fini0)
                0x0000000000000614                _etext = .

.data           0x0000000000800100       0x3e load address 0x0000000000000614
                0x0000000000800100                PROVIDE (__data_start, .)
 *(.data)
 .data          0x0000000000800100        0x0 /opt/arduino-1.6.12/hardware/tools/avr/bin/../lib/gcc/avr/4.9.2/../../../../avr/lib/avr5/crtatmega328p.o
 .data          0x0000000000800100        0x0 ./src/Motors.o
 .data          0x0000000000800100        0x0 ./src/USART.o
 .data          0x0000000000800100        0x0 ./src/cannon.o
 .data          0x0000000000800100        0x0 ./src/main.o
 .data          0x0000000000800100        0x0 /opt/arduino-1.6.12/hardware/tools/avr/bin/../lib/gcc/avr/4.9.2/avr5/libgcc.a(_exit.o)
 .data          0x0000000000800100        0x0 /opt/arduino-1.6.12/hardware/tools/avr/bin/../lib/gcc/avr/4.9.2/avr5/libgcc.a(_copy_data.o)
 .data          0x0000000000800100        0x0 /opt/arduino-1.6.12/hardware/tools/avr/bin/../lib/gcc/avr/4.9.2/avr5/libgcc.a(_clear_bss.o)
 *(.data*)
 *(.rodata)
 *(.rodata*)
 .rodata.str1.1
                0x0000000000800100       0x26 ./src/cannon.o
 .rodata.str1.1
                0x0000000000800126       0x17 ./src/main.o
 *(.gnu.linkonce.d*)
                0x000000000080013e                . = ALIGN (0x2)
 *fill*         0x000000000080013d        0x1 
                0x000000000080013e                _edata = .
                0x000000000080013e                PROVIDE (__data_end, .)

.bss            0x000000000080013e        0x4
                0x000000000080013e                PROVIDE (__bss_start, .)
 *(.bss)
 .bss           0x000000000080013e        0x0 /opt/arduino-1.6.12/hardware/tools/avr/bin/../lib/gcc/avr/4.9.2/../../../../avr/lib/avr5/crtatmega328p.o
 .bss           0x000000000080013e        0x0 ./src/Motors.o
 .bss           0x000000000080013e        0x0 ./src/USART.o
 .bss           0x000000000080013e        0x0 ./src/cannon.o
 .bss           0x000000000080013e        0x0 ./src/main.o
 .bss           0x000000000080013e        0x0 /opt/arduino-1.6.12/hardware/tools/avr/bin/../lib/gcc/avr/4.9.2/avr5/libgcc.a(_exit.o)
 .bss           0x000000000080013e        0x0 /opt/arduino-1.6.12/hardware/tools/avr/bin/../lib/gcc/avr/4.9.2/avr5/libgcc.a(_copy_data.o)
 .bss           0x000000000080013e        0x0 /opt/arduino-1.6.12/hardware/tools/avr/bin/../lib/gcc/avr/4.9.2/avr5/libgcc.a(_clear_bss.o)
 *(.bss*)
 *(COMMON)
 COMMON         0x000000000080013e        0x4 ./src/Motors.o
                0x000000000080013e                horizServoPos
                0x0000000000800140                vertServoPos
                0x0000000000800142                PROVIDE (__bss_end, .)
                0x0000000000000614                __data_load_start = LOADADDR (.data)
                0x0000000000000652                __data_load_end = (__data_load_start + SIZEOF (.data))

.noinit         0x0000000000800142        0x0
                0x0000000000800142                PROVIDE (__noinit_start, .)
 *(.noinit*)
                0x0000000000800142                PROVIDE (__noinit_end, .)
                0x0000000000800142                _end = .
                0x0000000000800142                PROVIDE (__heap_start, .)

.eeprom         0x0000000000810000        0x0
 *(.eeprom*)
                0x0000000000810000                __eeprom_end = .

.fuse
 *(.fuse)
 *(.lfuse)
 *(.hfuse)
 *(.efuse)

.lock
 *(.lock*)

.signature
 *(.signature*)

.stab
 *(.stab)

.stabstr
 *(.stabstr)

.stab.excl
 *(.stab.excl)

.stab.exclstr
 *(.stab.exclstr)

.stab.index
 *(.stab.index)

.stab.indexstr
 *(.stab.indexstr)

.comment        0x0000000000000000       0x11
 *(.comment)
 .comment       0x0000000000000000       0x11 ./src/Motors.o
                                         0x12 (size before relaxing)
 .comment       0x0000000000000011       0x12 ./src/USART.o
 .comment       0x0000000000000011       0x12 ./src/cannon.o
 .comment       0x0000000000000011       0x12 ./src/main.o

.note.gnu.avr.deviceinfo
                0x0000000000000000       0x40
 .note.gnu.avr.deviceinfo
                0x0000000000000000       0x40 /opt/arduino-1.6.12/hardware/tools/avr/bin/../lib/gcc/avr/4.9.2/../../../../avr/lib/avr5/crtatmega328p.o

.note.gnu.build-id
 *(.note.gnu.build-id)

.debug
 *(.debug)

.line
 *(.line)

.debug_srcinfo
 *(.debug_srcinfo)

.debug_sfnames
 *(.debug_sfnames)

.debug_aranges
 *(.debug_aranges)

.debug_pubnames
 *(.debug_pubnames)

.debug_info     0x0000000000000000      0x5f4
 *(.debug_info .gnu.linkonce.wi.*)
 .debug_info    0x0000000000000000      0x5f4 /opt/arduino-1.6.12/hardware/tools/avr/bin/../lib/gcc/avr/4.9.2/../../../../avr/lib/avr5/crtatmega328p.o

.debug_abbrev   0x0000000000000000      0x5a2
 *(.debug_abbrev)
 .debug_abbrev  0x0000000000000000      0x5a2 /opt/arduino-1.6.12/hardware/tools/avr/bin/../lib/gcc/avr/4.9.2/../../../../avr/lib/avr5/crtatmega328p.o

.debug_line     0x0000000000000000       0x1a
 *(.debug_line .debug_line.* .debug_line_end)
 .debug_line    0x0000000000000000       0x1a /opt/arduino-1.6.12/hardware/tools/avr/bin/../lib/gcc/avr/4.9.2/../../../../avr/lib/avr5/crtatmega328p.o

.debug_frame
 *(.debug_frame)

.debug_str      0x0000000000000000      0x208
 *(.debug_str)
 .debug_str     0x0000000000000000      0x208 /opt/arduino-1.6.12/hardware/tools/avr/bin/../lib/gcc/avr/4.9.2/../../../../avr/lib/avr5/crtatmega328p.o

.debug_loc
 *(.debug_loc)

.debug_macinfo
 *(.debug_macinfo)

.debug_weaknames
 *(.debug_weaknames)

.debug_funcnames
 *(.debug_funcnames)

.debug_typenames
 *(.debug_typenames)

.debug_varnames
 *(.debug_varnames)

.debug_pubtypes
 *(.debug_pubtypes)

.debug_ranges
 *(.debug_ranges)

.debug_macro
 *(.debug_macro)
OUTPUT(Tank.elf elf32-avr)
LOAD linker stubs
